core_cm4.h:1676:26:__NVIC_GetPriorityGrouping	4	static
core_cm4.h:1688:22:__NVIC_EnableIRQ	16	static
core_cm4.h:1816:22:__NVIC_SetPriority	16	static
core_cm4.h:1863:26:NVIC_EncodePriority	40	static
stm32f3xx_ll_usart.h:532:22:LL_USART_Enable	16	static
stm32f3xx_ll_usart.h:2255:22:LL_USART_ConfigAsyncMode	16	static
stm32f3xx_ll_usart.h:3190:22:LL_USART_DisableIT_CTS	16	static
stm32f3xx_ll_bus.h:287:22:LL_AHB1_GRP1_EnableClock	24	static
stm32f3xx_ll_bus.h:537:22:LL_APB1_GRP1_EnableClock	24	static
usart.c:31:6:MX_USART1_UART_Init	8	static
usart.c:52:6:MX_USART2_UART_Init	64	static
usart.c:101:6:HAL_UART_MspInit	48	static
usart.c:131:6:HAL_UART_MspDeInit	16	static
